// Jest Snapshot v1, https://goo.gl/fbAQLP

exports[`Radio Group passes prefixCls down to radio 1`] = `
<div
  class="my-radio my-radio-rtl"
>
  <label
    class="my-radio-rtl my-radio"
  >
    <input
      class="my-radio-input"
      type="radio"
      value="Apple"
    />
    <span
      class="my-radio-text"
    >
      Apple
    </span>
  </label>
  <label
    class="my-radio-rtl my-radio"
    style="font-size:12px"
  >
    <input
      class="my-radio-input"
      type="radio"
      value="Orange"
    />
    <span
      class="my-radio-text"
    >
      Orange
    </span>
  </label>
</div>
`;
