// Jest Snapshot v1, https://goo.gl/fbAQLP

exports[`Signature render correctly 1`] = `
Array [
  <div
    class="kd-signature"
  >
    <i
      class="kdicon kdicon-edit"
    />
    <span>
      点击签名
    </span>
  </div>,
  <div
    class="kd-modal kd-signature-modal kd-modal-container kd-modal-container-hidden"
  >
    <div
      class="kd-modal-mask"
    />
    <div
      class="kd-modal-container-box kd-modal-showline react-draggable"
      style="width:610px;height:500px;transform:translate(0px,0px)"
      tabindex="-1"
    >
      <div
        class="kd-modal-resise-handle kd-modal-resise-n"
        data-type="n"
      />
      <div
        class="kd-modal-resise-handle kd-modal-resise-e"
        data-type="e"
      />
      <div
        class="kd-modal-resise-handle kd-modal-resise-s"
        data-type="s"
      />
      <div
        class="kd-modal-resise-handle kd-modal-resise-w"
        data-type="w"
      />
      <div
        class="kd-modal-resise-handle kd-modal-resise-ne"
        data-type="ne"
      />
      <div
        class="kd-modal-resise-handle kd-modal-resise-se"
        data-type="se"
      />
      <div
        class="kd-modal-resise-handle kd-modal-resise-sw"
        data-type="sw"
      />
      <div
        class="kd-modal-resise-handle kd-modal-resise-nw"
        data-type="nw"
      />
      <div
        class="kd-modal-header"
      >
        <div
          class="kd-modal-title-container"
        >
          <span
            class="kd-svg-icon kd-modal-expand-icon"
            style="transform:rotate(0deg)"
          >
            <svg
              height="1em"
              version="1.1"
              viewBox="0 0 32 32"
              width="1em"
              xmlns="http://www.w3.org/2000/svg"
            >
              <g
                fill="none"
                fill-rule="evenodd"
                id="977.全屏"
                stroke="none"
                stroke-width="1"
              >
                <g
                  fill="#000000"
                  fill-rule="nonzero"
                  id="编组"
                  transform="translate(2.000000, 2.000000)"
                >
                  <path
                    d="M1.07692308,17.4339622 C1.67169125,17.4339622 2.15384615,17.9161171 2.15384615,18.5108853 L2.15169231,24.8518084 L8.50424095,18.2911144 C8.91128276,17.8706218 9.58213195,17.8597178 10.0026246,18.2667596 L10.0077312,18.2717362 C10.4291221,18.6851765 10.4378354,19.3612143 10.0272402,19.7853779 L4.12030769,25.8856545 L10.2510885,25.8867924 C10.8346347,25.8867924 11.3076923,26.35985 11.3076923,26.9433963 C11.3076923,27.5269424 10.8346347,28 10.2510885,28 L1.0566038,28 C0.473057639,28 0,27.5269424 0,26.9433963 L0,18.5108853 C0,17.9161171 0.4821549,17.4339622 1.07692308,17.4339622 Z M26.9230769,16.9056604 C27.5178452,16.9056604 28,17.3878153 28,17.9825835 L28,17.9825835 L28,26.4150942 C28,26.9986405 27.5269424,27.4716981 26.9433963,27.4716981 L26.9433963,27.4716981 L17.7489115,27.4716981 C17.1653653,27.4716981 16.6923077,26.9986405 16.6923077,26.4150942 C16.6923077,25.8315482 17.1653653,25.3584905 17.7489115,25.3584905 L17.7489115,25.3584905 L25.8461538,25.3573527 L25.8461538,17.9825835 C25.8461538,17.3878153 26.3283087,16.9056604 26.9230769,16.9056604 Z M26.9433963,0 C27.5269424,0 28,0.473057639 28,1.0566038 L28,9.48911467 C28,10.0838829 27.5178452,10.5660378 26.9230769,10.5660378 C26.3283087,10.5660378 25.8461538,10.0838829 25.8461538,9.48911467 L25.8483077,3.1481916 L19.495759,9.70888562 C19.0887172,10.1293782 18.417868,10.1402822 17.9973754,9.73324042 L17.9922688,9.72826376 C17.5708779,9.31482358 17.5621646,8.63878569 17.9727599,8.21462222 L23.8796923,2.11434544 L17.7489115,2.11320756 C17.1653653,2.11320756 16.6923077,1.64014992 16.6923077,1.0566038 C16.6923077,0.473057639 17.1653653,0 17.7489115,0 L26.9433963,0 Z M10.2510885,0 C10.8346347,0 11.3076923,0.473057639 11.3076923,1.0566038 C11.3076923,1.64014992 10.8346347,2.11320756 10.2510885,2.11320756 L10.2510885,2.11320756 L2.15384615,2.11434544 L2.15384615,9.48911467 C2.15384615,10.0838829 1.67169125,10.5660378 1.07692308,10.5660378 C0.4821549,10.5660378 0,10.0838829 0,9.48911467 L0,9.48911467 L0,1.0566038 C0,0.473057639 0.473057639,0 1.0566038,0 L1.0566038,0 L10.2510885,0 Z"
                    fill="#666666"
                    id="形状"
                  />
                </g>
              </g>
            </svg>
          </span>
          <div
            class="kd-modal-title"
          />
        </div>
        <div
          class="kd-modal-close-icon"
        >
          <i
            class="kdicon kdicon-close"
          />
        </div>
      </div>
      <div
        class="kd-modal-body"
      >
        <div
          class="kd-signature-drawing-board"
        >
          <div
            class="kd-signature-drawing-board-operation"
          />
          <span
            class="kd-signature-drawing-board-tip"
          >
            请在此处横向书写签名
          </span>
          <canvas />
        </div>
      </div>
      <div
        class="kd-modal-footer kd-modal-normal-footer"
        style="flex-direction:row-reverse"
      >
        <div
          class="kd-signature-modal-footer"
        >
          <button
            class="kd-btn kd-btn-second kd-btn-size-middle"
            click-animating-wave="false"
            type="button"
          >
            <span>
              取消
            </span>
          </button>
          <button
            class="kd-btn kd-btn-primary kd-btn-size-middle"
            click-animating-wave="false"
            disabled=""
            type="button"
          >
            <span>
              确定
            </span>
          </button>
        </div>
      </div>
    </div>
  </div>,
]
`;

exports[`Signature render no child without errors 1`] = `
<Signature
  getContainer={false}
>
  <div
    className="kd-signature"
    onClick={[Function]}
  >
    <Icon
      type="edit"
    >
      <i
        className="kdicon kdicon-edit"
        onClick={[Function]}
        onMouseEnter={[Function]}
        onMouseLeave={[Function]}
        style={Object {}}
      />
    </Icon>
    <span>
      点击签名
    </span>
  </div>
  <Modal
    body={
      <ForwardRef
        isEmpty={true}
        prefixCls="kd-signature"
        setDataUrl={[Function]}
        setIsEmpty={[Function]}
        signatureLangMsg={
          Object {
            "cancelText": "取消",
            "clickToSign": "点击签名",
            "locale": "zh-CN",
            "okText": "确定",
            "pleaseWriteHere": "请在此处横向书写签名",
          }
        }
        signaturePad={[Function]}
      />
    }
    className="kd-signature-modal"
    footer={
      <div
        className="kd-signature-modal-footer"
      >
        <Button
          onClick={[Function]}
        >
          取消
        </Button>
        <Button
          disabled={true}
          onClick={[Function]}
          type="primary"
        >
          确定
        </Button>
      </div>
    }
    getContainer={false}
    height={500}
    onCancel={[Function]}
    onOk={[Function]}
    resizable={true}
    titleIcon={
      <React.Fragment>
        <FullScreen
          className="kd-modal-expand-icon"
          fill="#666666"
          onClick={[Function]}
        />
      </React.Fragment>
    }
    visible={false}
    width={610}
  >
    <div
      className="kd-modal kd-signature-modal kd-modal-container kd-modal-container-hidden"
    >
      <div
        className="kd-modal-mask"
        onClick={[Function]}
      />
      <Draggable
        allowAnyClick={false}
        axis="both"
        bounds={false}
        cancel=".kd-modal-title-container, .kd-modal-close-icon"
        defaultClassName="react-draggable"
        defaultClassNameDragged="react-draggable-dragged"
        defaultClassNameDragging="react-draggable-dragging"
        defaultPosition={
          Object {
            "x": 0,
            "y": 0,
          }
        }
        disabled={false}
        enableUserSelectHack={true}
        handle=".kd-modal-header"
        onDrag={[Function]}
        onMouseDown={[Function]}
        onStart={[Function]}
        onStop={[Function]}
        position={
          Object {
            "x": 0,
            "y": 0,
          }
        }
        scale={1}
      >
        <DraggableCore
          allowAnyClick={false}
          cancel=".kd-modal-title-container, .kd-modal-close-icon"
          disabled={false}
          enableUserSelectHack={true}
          handle=".kd-modal-header"
          onDrag={[Function]}
          onMouseDown={[Function]}
          onStart={[Function]}
          onStop={[Function]}
          scale={1}
        >
          <div
            className="kd-modal-container-box kd-modal-showline react-draggable"
            onKeyDown={[Function]}
            onMouseDown={[Function]}
            onMouseUp={[Function]}
            onTouchEnd={[Function]}
            style={
              Object {
                "height": 500,
                "transform": "translate(0px,0px)",
                "width": 610,
              }
            }
            tabIndex={-1}
            transform={null}
          >
            <div
              className="kd-modal-resise-handle kd-modal-resise-n"
              data-type="n"
            />
            <div
              className="kd-modal-resise-handle kd-modal-resise-e"
              data-type="e"
            />
            <div
              className="kd-modal-resise-handle kd-modal-resise-s"
              data-type="s"
            />
            <div
              className="kd-modal-resise-handle kd-modal-resise-w"
              data-type="w"
            />
            <div
              className="kd-modal-resise-handle kd-modal-resise-ne"
              data-type="ne"
            />
            <div
              className="kd-modal-resise-handle kd-modal-resise-se"
              data-type="se"
            />
            <div
              className="kd-modal-resise-handle kd-modal-resise-sw"
              data-type="sw"
            />
            <div
              className="kd-modal-resise-handle kd-modal-resise-nw"
              data-type="nw"
            />
            <div
              className="kd-modal-header"
            >
              <div
                className="kd-modal-title-container"
              >
                <FullScreen
                  className="kd-modal-expand-icon"
                  fill="#666666"
                  onClick={[Function]}
                >
                  <IconWrapper
                    className="kd-modal-expand-icon"
                    onClick={[Function]}
                    rotate={0}
                    spin={false}
                  >
                    <span
                      className="kd-svg-icon kd-modal-expand-icon"
                      onClick={[Function]}
                      style={
                        Object {
                          "transform": "rotate(0deg)",
                        }
                      }
                    >
                      <svg
                        height="1em"
                        version="1.1"
                        viewBox="0 0 32 32"
                        width="1em"
                        xmlns="http://www.w3.org/2000/svg"
                      >
                        <g
                          fill="none"
                          fillRule="evenodd"
                          id="977.全屏"
                          stroke="none"
                          strokeWidth="1"
                        >
                          <g
                            fill="#000000"
                            fillRule="nonzero"
                            id="编组"
                            transform="translate(2.000000, 2.000000)"
                          >
                            <path
                              d="M1.07692308,17.4339622 C1.67169125,17.4339622 2.15384615,17.9161171 2.15384615,18.5108853 L2.15169231,24.8518084 L8.50424095,18.2911144 C8.91128276,17.8706218 9.58213195,17.8597178 10.0026246,18.2667596 L10.0077312,18.2717362 C10.4291221,18.6851765 10.4378354,19.3612143 10.0272402,19.7853779 L4.12030769,25.8856545 L10.2510885,25.8867924 C10.8346347,25.8867924 11.3076923,26.35985 11.3076923,26.9433963 C11.3076923,27.5269424 10.8346347,28 10.2510885,28 L1.0566038,28 C0.473057639,28 0,27.5269424 0,26.9433963 L0,18.5108853 C0,17.9161171 0.4821549,17.4339622 1.07692308,17.4339622 Z M26.9230769,16.9056604 C27.5178452,16.9056604 28,17.3878153 28,17.9825835 L28,17.9825835 L28,26.4150942 C28,26.9986405 27.5269424,27.4716981 26.9433963,27.4716981 L26.9433963,27.4716981 L17.7489115,27.4716981 C17.1653653,27.4716981 16.6923077,26.9986405 16.6923077,26.4150942 C16.6923077,25.8315482 17.1653653,25.3584905 17.7489115,25.3584905 L17.7489115,25.3584905 L25.8461538,25.3573527 L25.8461538,17.9825835 C25.8461538,17.3878153 26.3283087,16.9056604 26.9230769,16.9056604 Z M26.9433963,0 C27.5269424,0 28,0.473057639 28,1.0566038 L28,9.48911467 C28,10.0838829 27.5178452,10.5660378 26.9230769,10.5660378 C26.3283087,10.5660378 25.8461538,10.0838829 25.8461538,9.48911467 L25.8483077,3.1481916 L19.495759,9.70888562 C19.0887172,10.1293782 18.417868,10.1402822 17.9973754,9.73324042 L17.9922688,9.72826376 C17.5708779,9.31482358 17.5621646,8.63878569 17.9727599,8.21462222 L23.8796923,2.11434544 L17.7489115,2.11320756 C17.1653653,2.11320756 16.6923077,1.64014992 16.6923077,1.0566038 C16.6923077,0.473057639 17.1653653,0 17.7489115,0 L26.9433963,0 Z M10.2510885,0 C10.8346347,0 11.3076923,0.473057639 11.3076923,1.0566038 C11.3076923,1.64014992 10.8346347,2.11320756 10.2510885,2.11320756 L10.2510885,2.11320756 L2.15384615,2.11434544 L2.15384615,9.48911467 C2.15384615,10.0838829 1.67169125,10.5660378 1.07692308,10.5660378 C0.4821549,10.5660378 0,10.0838829 0,9.48911467 L0,9.48911467 L0,1.0566038 C0,0.473057639 0.473057639,0 1.0566038,0 L1.0566038,0 L10.2510885,0 Z"
                              fill="#666666"
                              id="形状"
                            />
                          </g>
                        </g>
                      </svg>
                    </span>
                  </IconWrapper>
                </FullScreen>
                <div
                  className="kd-modal-title"
                />
              </div>
              <div
                className="kd-modal-close-icon"
                onClick={[Function]}
              >
                <Icon
                  type="close"
                >
                  <i
                    className="kdicon kdicon-close"
                    onClick={[Function]}
                    onMouseEnter={[Function]}
                    onMouseLeave={[Function]}
                    style={Object {}}
                  />
                </Icon>
              </div>
            </div>
            <div
              className="kd-modal-body"
            >
              <ForwardRef
                isEmpty={true}
                prefixCls="kd-signature"
                setDataUrl={[Function]}
                setIsEmpty={[Function]}
                signatureLangMsg={
                  Object {
                    "cancelText": "取消",
                    "clickToSign": "点击签名",
                    "locale": "zh-CN",
                    "okText": "确定",
                    "pleaseWriteHere": "请在此处横向书写签名",
                  }
                }
                signaturePad={[Function]}
              >
                <div
                  className="kd-signature-drawing-board"
                >
                  <div
                    className="kd-signature-drawing-board-operation"
                  />
                  <span
                    className="kd-signature-drawing-board-tip"
                  >
                    请在此处横向书写签名
                  </span>
                  <canvas />
                </div>
              </ForwardRef>
            </div>
            <div
              className="kd-modal-footer kd-modal-normal-footer"
              style={
                Object {
                  "flexDirection": "row-reverse",
                }
              }
            >
              <div
                className="kd-signature-modal-footer"
              >
                <Button
                  onClick={[Function]}
                >
                  <button
                    className="kd-btn kd-btn-second kd-btn-size-middle"
                    click-animating-wave="false"
                    onClick={[Function]}
                    type="button"
                  >
                    <span>
                      取消
                    </span>
                  </button>
                </Button>
                <Button
                  disabled={true}
                  onClick={[Function]}
                  type="primary"
                >
                  <button
                    className="kd-btn kd-btn-primary kd-btn-size-middle"
                    click-animating-wave="false"
                    disabled={true}
                    onClick={[Function]}
                    type="button"
                  >
                    <span>
                      确定
                    </span>
                  </button>
                </Button>
              </div>
            </div>
          </div>
        </DraggableCore>
      </Draggable>
    </div>
  </Modal>
</Signature>
`;

exports[`Signature render null or undefined Signature without errors 1`] = `
<Signature>
  <div
    className="kd-signature"
    onClick={[Function]}
  >
    <Icon
      type="edit"
    >
      <i
        className="kdicon kdicon-edit"
        onClick={[Function]}
        onMouseEnter={[Function]}
        onMouseLeave={[Function]}
        style={Object {}}
      />
    </Icon>
    <span>
      点击签名
    </span>
  </div>
  <Modal
    body={
      <ForwardRef
        isEmpty={true}
        prefixCls="kd-signature"
        setDataUrl={[Function]}
        setIsEmpty={[Function]}
        signatureLangMsg={
          Object {
            "cancelText": "取消",
            "clickToSign": "点击签名",
            "locale": "zh-CN",
            "okText": "确定",
            "pleaseWriteHere": "请在此处横向书写签名",
          }
        }
        signaturePad={[Function]}
      />
    }
    className="kd-signature-modal"
    footer={
      <div
        className="kd-signature-modal-footer"
      >
        <Button
          onClick={[Function]}
        >
          取消
        </Button>
        <Button
          disabled={true}
          onClick={[Function]}
          type="primary"
        >
          确定
        </Button>
      </div>
    }
    height={500}
    onCancel={[Function]}
    onOk={[Function]}
    resizable={true}
    titleIcon={
      <React.Fragment>
        <FullScreen
          className="kd-modal-expand-icon"
          fill="#666666"
          onClick={[Function]}
        />
      </React.Fragment>
    }
    visible={false}
    width={610}
  >
    <Portal
      containerInfo={
        <body>
          <div
            class="kd-modal kd-signature-modal kd-modal-container kd-modal-container-hidden"
          >
            <div
              class="kd-modal-mask"
            />
            <div
              class="kd-modal-container-box kd-modal-has-container-box kd-modal-showline react-draggable"
              style="width: 610px; height: 500px; transform: translate(-305px,-250px);"
              tabindex="-1"
            >
              <div
                class="kd-modal-resise-handle kd-modal-resise-n"
                data-type="n"
              />
              <div
                class="kd-modal-resise-handle kd-modal-resise-e"
                data-type="e"
              />
              <div
                class="kd-modal-resise-handle kd-modal-resise-s"
                data-type="s"
              />
              <div
                class="kd-modal-resise-handle kd-modal-resise-w"
                data-type="w"
              />
              <div
                class="kd-modal-resise-handle kd-modal-resise-ne"
                data-type="ne"
              />
              <div
                class="kd-modal-resise-handle kd-modal-resise-se"
                data-type="se"
              />
              <div
                class="kd-modal-resise-handle kd-modal-resise-sw"
                data-type="sw"
              />
              <div
                class="kd-modal-resise-handle kd-modal-resise-nw"
                data-type="nw"
              />
              <div
                class="kd-modal-header"
              >
                <div
                  class="kd-modal-title-container"
                >
                  <span
                    class="kd-svg-icon kd-modal-expand-icon"
                    style="transform: rotate(0deg);"
                  >
                    <svg
                      height="1em"
                      version="1.1"
                      viewBox="0 0 32 32"
                      width="1em"
                      xmlns="http://www.w3.org/2000/svg"
                    >
                      <g
                        fill="none"
                        fill-rule="evenodd"
                        id="977.全屏"
                        stroke="none"
                        stroke-width="1"
                      >
                        <g
                          fill="#000000"
                          fill-rule="nonzero"
                          id="编组"
                          transform="translate(2.000000, 2.000000)"
                        >
                          <path
                            d="M1.07692308,17.4339622 C1.67169125,17.4339622 2.15384615,17.9161171 2.15384615,18.5108853 L2.15169231,24.8518084 L8.50424095,18.2911144 C8.91128276,17.8706218 9.58213195,17.8597178 10.0026246,18.2667596 L10.0077312,18.2717362 C10.4291221,18.6851765 10.4378354,19.3612143 10.0272402,19.7853779 L4.12030769,25.8856545 L10.2510885,25.8867924 C10.8346347,25.8867924 11.3076923,26.35985 11.3076923,26.9433963 C11.3076923,27.5269424 10.8346347,28 10.2510885,28 L1.0566038,28 C0.473057639,28 0,27.5269424 0,26.9433963 L0,18.5108853 C0,17.9161171 0.4821549,17.4339622 1.07692308,17.4339622 Z M26.9230769,16.9056604 C27.5178452,16.9056604 28,17.3878153 28,17.9825835 L28,17.9825835 L28,26.4150942 C28,26.9986405 27.5269424,27.4716981 26.9433963,27.4716981 L26.9433963,27.4716981 L17.7489115,27.4716981 C17.1653653,27.4716981 16.6923077,26.9986405 16.6923077,26.4150942 C16.6923077,25.8315482 17.1653653,25.3584905 17.7489115,25.3584905 L17.7489115,25.3584905 L25.8461538,25.3573527 L25.8461538,17.9825835 C25.8461538,17.3878153 26.3283087,16.9056604 26.9230769,16.9056604 Z M26.9433963,0 C27.5269424,0 28,0.473057639 28,1.0566038 L28,9.48911467 C28,10.0838829 27.5178452,10.5660378 26.9230769,10.5660378 C26.3283087,10.5660378 25.8461538,10.0838829 25.8461538,9.48911467 L25.8483077,3.1481916 L19.495759,9.70888562 C19.0887172,10.1293782 18.417868,10.1402822 17.9973754,9.73324042 L17.9922688,9.72826376 C17.5708779,9.31482358 17.5621646,8.63878569 17.9727599,8.21462222 L23.8796923,2.11434544 L17.7489115,2.11320756 C17.1653653,2.11320756 16.6923077,1.64014992 16.6923077,1.0566038 C16.6923077,0.473057639 17.1653653,0 17.7489115,0 L26.9433963,0 Z M10.2510885,0 C10.8346347,0 11.3076923,0.473057639 11.3076923,1.0566038 C11.3076923,1.64014992 10.8346347,2.11320756 10.2510885,2.11320756 L10.2510885,2.11320756 L2.15384615,2.11434544 L2.15384615,9.48911467 C2.15384615,10.0838829 1.67169125,10.5660378 1.07692308,10.5660378 C0.4821549,10.5660378 0,10.0838829 0,9.48911467 L0,9.48911467 L0,1.0566038 C0,0.473057639 0.473057639,0 1.0566038,0 L1.0566038,0 L10.2510885,0 Z"
                            fill="#666666"
                            id="形状"
                          />
                        </g>
                      </g>
                    </svg>
                  </span>
                  <div
                    class="kd-modal-title"
                  />
                </div>
                <div
                  class="kd-modal-close-icon"
                >
                  <i
                    class="kdicon kdicon-close"
                  />
                </div>
              </div>
              <div
                class="kd-modal-body"
              >
                <div
                  class="kd-signature-drawing-board"
                >
                  <div
                    class="kd-signature-drawing-board-operation"
                  />
                  <span
                    class="kd-signature-drawing-board-tip"
                  >
                    请在此处横向书写签名
                  </span>
                  <canvas
                    style="user-select: auto;"
                  />
                </div>
              </div>
              <div
                class="kd-modal-footer kd-modal-normal-footer"
                style="flex-direction: row-reverse;"
              >
                <div
                  class="kd-signature-modal-footer"
                >
                  <button
                    class="kd-btn kd-btn-second kd-btn-size-middle"
                    click-animating-wave="false"
                    type="button"
                  >
                    <span>
                      取消
                    </span>
                  </button>
                  <button
                    class="kd-btn kd-btn-primary kd-btn-size-middle"
                    click-animating-wave="false"
                    disabled=""
                    type="button"
                  >
                    <span>
                      确定
                    </span>
                  </button>
                </div>
              </div>
            </div>
          </div>
        </body>
      }
    >
      <div
        className="kd-modal kd-signature-modal kd-modal-container kd-modal-container-hidden"
      >
        <div
          className="kd-modal-mask"
          onClick={[Function]}
        />
        <Draggable
          allowAnyClick={false}
          axis="both"
          bounds={false}
          cancel=".kd-modal-title-container, .kd-modal-close-icon"
          defaultClassName="react-draggable"
          defaultClassNameDragged="react-draggable-dragged"
          defaultClassNameDragging="react-draggable-dragging"
          defaultPosition={
            Object {
              "x": 0,
              "y": 0,
            }
          }
          disabled={false}
          enableUserSelectHack={true}
          handle=".kd-modal-header"
          onDrag={[Function]}
          onMouseDown={[Function]}
          onStart={[Function]}
          onStop={[Function]}
          position={
            Object {
              "x": -305,
              "y": -250,
            }
          }
          scale={1}
        >
          <DraggableCore
            allowAnyClick={false}
            cancel=".kd-modal-title-container, .kd-modal-close-icon"
            disabled={false}
            enableUserSelectHack={true}
            handle=".kd-modal-header"
            onDrag={[Function]}
            onMouseDown={[Function]}
            onStart={[Function]}
            onStop={[Function]}
            scale={1}
          >
            <div
              className="kd-modal-container-box kd-modal-has-container-box kd-modal-showline react-draggable"
              onKeyDown={[Function]}
              onMouseDown={[Function]}
              onMouseUp={[Function]}
              onTouchEnd={[Function]}
              style={
                Object {
                  "height": 500,
                  "transform": "translate(-305px,-250px)",
                  "width": 610,
                }
              }
              tabIndex={-1}
              transform={null}
            >
              <div
                className="kd-modal-resise-handle kd-modal-resise-n"
                data-type="n"
              />
              <div
                className="kd-modal-resise-handle kd-modal-resise-e"
                data-type="e"
              />
              <div
                className="kd-modal-resise-handle kd-modal-resise-s"
                data-type="s"
              />
              <div
                className="kd-modal-resise-handle kd-modal-resise-w"
                data-type="w"
              />
              <div
                className="kd-modal-resise-handle kd-modal-resise-ne"
                data-type="ne"
              />
              <div
                className="kd-modal-resise-handle kd-modal-resise-se"
                data-type="se"
              />
              <div
                className="kd-modal-resise-handle kd-modal-resise-sw"
                data-type="sw"
              />
              <div
                className="kd-modal-resise-handle kd-modal-resise-nw"
                data-type="nw"
              />
              <div
                className="kd-modal-header"
              >
                <div
                  className="kd-modal-title-container"
                >
                  <FullScreen
                    className="kd-modal-expand-icon"
                    fill="#666666"
                    onClick={[Function]}
                  >
                    <IconWrapper
                      className="kd-modal-expand-icon"
                      onClick={[Function]}
                      rotate={0}
                      spin={false}
                    >
                      <span
                        className="kd-svg-icon kd-modal-expand-icon"
                        onClick={[Function]}
                        style={
                          Object {
                            "transform": "rotate(0deg)",
                          }
                        }
                      >
                        <svg
                          height="1em"
                          version="1.1"
                          viewBox="0 0 32 32"
                          width="1em"
                          xmlns="http://www.w3.org/2000/svg"
                        >
                          <g
                            fill="none"
                            fillRule="evenodd"
                            id="977.全屏"
                            stroke="none"
                            strokeWidth="1"
                          >
                            <g
                              fill="#000000"
                              fillRule="nonzero"
                              id="编组"
                              transform="translate(2.000000, 2.000000)"
                            >
                              <path
                                d="M1.07692308,17.4339622 C1.67169125,17.4339622 2.15384615,17.9161171 2.15384615,18.5108853 L2.15169231,24.8518084 L8.50424095,18.2911144 C8.91128276,17.8706218 9.58213195,17.8597178 10.0026246,18.2667596 L10.0077312,18.2717362 C10.4291221,18.6851765 10.4378354,19.3612143 10.0272402,19.7853779 L4.12030769,25.8856545 L10.2510885,25.8867924 C10.8346347,25.8867924 11.3076923,26.35985 11.3076923,26.9433963 C11.3076923,27.5269424 10.8346347,28 10.2510885,28 L1.0566038,28 C0.473057639,28 0,27.5269424 0,26.9433963 L0,18.5108853 C0,17.9161171 0.4821549,17.4339622 1.07692308,17.4339622 Z M26.9230769,16.9056604 C27.5178452,16.9056604 28,17.3878153 28,17.9825835 L28,17.9825835 L28,26.4150942 C28,26.9986405 27.5269424,27.4716981 26.9433963,27.4716981 L26.9433963,27.4716981 L17.7489115,27.4716981 C17.1653653,27.4716981 16.6923077,26.9986405 16.6923077,26.4150942 C16.6923077,25.8315482 17.1653653,25.3584905 17.7489115,25.3584905 L17.7489115,25.3584905 L25.8461538,25.3573527 L25.8461538,17.9825835 C25.8461538,17.3878153 26.3283087,16.9056604 26.9230769,16.9056604 Z M26.9433963,0 C27.5269424,0 28,0.473057639 28,1.0566038 L28,9.48911467 C28,10.0838829 27.5178452,10.5660378 26.9230769,10.5660378 C26.3283087,10.5660378 25.8461538,10.0838829 25.8461538,9.48911467 L25.8483077,3.1481916 L19.495759,9.70888562 C19.0887172,10.1293782 18.417868,10.1402822 17.9973754,9.73324042 L17.9922688,9.72826376 C17.5708779,9.31482358 17.5621646,8.63878569 17.9727599,8.21462222 L23.8796923,2.11434544 L17.7489115,2.11320756 C17.1653653,2.11320756 16.6923077,1.64014992 16.6923077,1.0566038 C16.6923077,0.473057639 17.1653653,0 17.7489115,0 L26.9433963,0 Z M10.2510885,0 C10.8346347,0 11.3076923,0.473057639 11.3076923,1.0566038 C11.3076923,1.64014992 10.8346347,2.11320756 10.2510885,2.11320756 L10.2510885,2.11320756 L2.15384615,2.11434544 L2.15384615,9.48911467 C2.15384615,10.0838829 1.67169125,10.5660378 1.07692308,10.5660378 C0.4821549,10.5660378 0,10.0838829 0,9.48911467 L0,9.48911467 L0,1.0566038 C0,0.473057639 0.473057639,0 1.0566038,0 L1.0566038,0 L10.2510885,0 Z"
                                fill="#666666"
                                id="形状"
                              />
                            </g>
                          </g>
                        </svg>
                      </span>
                    </IconWrapper>
                  </FullScreen>
                  <div
                    className="kd-modal-title"
                  />
                </div>
                <div
                  className="kd-modal-close-icon"
                  onClick={[Function]}
                >
                  <Icon
                    type="close"
                  >
                    <i
                      className="kdicon kdicon-close"
                      onClick={[Function]}
                      onMouseEnter={[Function]}
                      onMouseLeave={[Function]}
                      style={Object {}}
                    />
                  </Icon>
                </div>
              </div>
              <div
                className="kd-modal-body"
              >
                <ForwardRef
                  isEmpty={true}
                  prefixCls="kd-signature"
                  setDataUrl={[Function]}
                  setIsEmpty={[Function]}
                  signatureLangMsg={
                    Object {
                      "cancelText": "取消",
                      "clickToSign": "点击签名",
                      "locale": "zh-CN",
                      "okText": "确定",
                      "pleaseWriteHere": "请在此处横向书写签名",
                    }
                  }
                  signaturePad={[Function]}
                >
                  <div
                    className="kd-signature-drawing-board"
                  >
                    <div
                      className="kd-signature-drawing-board-operation"
                    />
                    <span
                      className="kd-signature-drawing-board-tip"
                    >
                      请在此处横向书写签名
                    </span>
                    <canvas />
                  </div>
                </ForwardRef>
              </div>
              <div
                className="kd-modal-footer kd-modal-normal-footer"
                style={
                  Object {
                    "flexDirection": "row-reverse",
                  }
                }
              >
                <div
                  className="kd-signature-modal-footer"
                >
                  <Button
                    onClick={[Function]}
                  >
                    <button
                      className="kd-btn kd-btn-second kd-btn-size-middle"
                      click-animating-wave="false"
                      onClick={[Function]}
                      type="button"
                    >
                      <span>
                        取消
                      </span>
                    </button>
                  </Button>
                  <Button
                    disabled={true}
                    onClick={[Function]}
                    type="primary"
                  >
                    <button
                      className="kd-btn kd-btn-primary kd-btn-size-middle"
                      click-animating-wave="false"
                      disabled={true}
                      onClick={[Function]}
                      type="button"
                    >
                      <span>
                        确定
                      </span>
                    </button>
                  </Button>
                </div>
              </div>
            </div>
          </DraggableCore>
        </Draggable>
      </div>
    </Portal>
  </Modal>
</Signature>
`;
