// Jest Snapshot v1, https://goo.gl/fbAQLP

exports[`Menu render no child without errors 1`] = `
<Menu>
  <div
    className="kd-menu kd-menu-vertical kd-menu-dark"
    onMouseEnter={[Function]}
    onMouseLeave={[Function]}
    role="menu"
    style={
      Object {
        "transition": "width 0.2s cubic-bezier(0,.4,.4,1)",
        "width": undefined,
      }
    }
  />
</Menu>
`;

exports[`Menu renders correctly 1`] = `
<div
  class="kd-menu kd-menu-vertical kd-menu-dark"
  role="menu"
  style="transition:width 0.2s cubic-bezier(0,.4,.4,1)"
>
  <ul>
    <li
      class="kd-menu-item"
      role="menuitem"
    >
      <div
        class="kd-menu-item-title"
        style="padding-left:50px;padding-right:0"
      >
        <span
          class="menu-item-content-container"
        >
          222
        </span>
      </div>
    </li>
  </ul>
</div>
`;
